[debug] [2026-06-09T15:55:10.052Z] : 
[debug] [2026-06-09T15:55:10.056Z] : ----------------------------------------------------------------------
[debug] [2026-06-09T15:55:10.056Z] : Command:      /opt/homebrew/Cellar/node/25.5.0/bin/node /opt/homebrew/bin/catalyst --version
[debug] [2026-06-09T15:55:10.056Z] : CLI Version:  1.26.0
[debug] [2026-06-09T15:55:10.056Z] : Platform:     darwin
[debug] [2026-06-09T15:55:10.056Z] : Node Version: v25.5.0
[debug] [2026-06-09T15:55:10.056Z] : Time:         Tue Jun 09 2026 21:25:10 GMT+0530 (India Standard Time)
[debug] [2026-06-09T15:55:10.056Z] : ----------------------------------------------------------------------
[debug] [2026-06-09T15:55:10.056Z] : 
[debug] [2026-06-09T15:57:13.575Z] : 
[debug] [2026-06-09T15:57:13.579Z] : ----------------------------------------------------------------------
[debug] [2026-06-09T15:57:13.579Z] : Command:      /opt/homebrew/Cellar/node/25.5.0/bin/node /opt/homebrew/bin/catalyst whoami
[debug] [2026-06-09T15:57:13.579Z] : CLI Version:  1.26.0
[debug] [2026-06-09T15:57:13.579Z] : Platform:     darwin
[debug] [2026-06-09T15:57:13.579Z] : Node Version: v25.5.0
[debug] [2026-06-09T15:57:13.579Z] : Time:         Tue Jun 09 2026 21:27:13 GMT+0530 (India Standard Time)
[debug] [2026-06-09T15:57:13.579Z] : ----------------------------------------------------------------------
[debug] [2026-06-09T15:57:13.579Z] : 
[debug] [2026-06-09T16:20:39.972Z] : 
[debug] [2026-06-09T16:20:39.976Z] : ----------------------------------------------------------------------
[debug] [2026-06-09T16:20:39.976Z] : Command:      /opt/homebrew/Cellar/node/25.5.0/bin/node /opt/homebrew/bin/catalyst quickml --help
[debug] [2026-06-09T16:20:39.976Z] : CLI Version:  1.26.0
[debug] [2026-06-09T16:20:39.976Z] : Platform:     darwin
[debug] [2026-06-09T16:20:39.976Z] : Node Version: v25.5.0
[debug] [2026-06-09T16:20:39.976Z] : Time:         Tue Jun 09 2026 21:50:39 GMT+0530 (India Standard Time)
[debug] [2026-06-09T16:20:39.976Z] : ----------------------------------------------------------------------
[debug] [2026-06-09T16:20:39.976Z] : 
[debug] [2026-06-09T16:24:54.169Z] : 
[debug] [2026-06-09T16:24:54.169Z] : ----------------------------------------------------------------------
[debug] [2026-06-09T16:24:54.170Z] : Command:      /opt/homebrew/Cellar/node/25.5.0/bin/node /opt/homebrew/bin/catalyst deploy
[debug] [2026-06-09T16:24:54.170Z] : CLI Version:  1.26.0
[debug] [2026-06-09T16:24:54.170Z] : Platform:     darwin
[debug] [2026-06-09T16:24:54.170Z] : Node Version: v25.5.0
[debug] [2026-06-09T16:24:54.170Z] : Time:         Tue Jun 09 2026 21:54:54 GMT+0530 (India Standard Time)
[debug] [2026-06-09T16:24:54.170Z] : ----------------------------------------------------------------------
[debug] [2026-06-09T16:24:54.170Z] : 
